Archive member included because of file (symbol)

c:/program files (x86)/gnu tools arm embedded/4.9 2015q1/bin/../lib/gcc/arm-none-eabi/4.9.3/armv6-m\libgcc.a(_udivsi3.o)
                              ..\obj\stm32f0xx_rcc.o (__aeabi_uidiv)
c:/program files (x86)/gnu tools arm embedded/4.9 2015q1/bin/../lib/gcc/arm-none-eabi/4.9.3/armv6-m\libgcc.a(_dvmd_tls.o)
                              c:/program files (x86)/gnu tools arm embedded/4.9 2015q1/bin/../lib/gcc/arm-none-eabi/4.9.3/armv6-m\libgcc.a(_udivsi3.o) (__aeabi_idiv0)

Allocating common symbols
Common symbol       size              file

N                   0x3               ..\obj\main.o
T                   0xc               ..\obj\main.o
G                   0x8               ..\obj\main.o
tar                 0x38              ..\obj\SoftTouch.o
E                   0x8               ..\obj\main.o

Discarded input sections

 .text          0x00000000        0x0 ..\obj\stm32f0xx_rcc.o
 .data          0x00000000       0x10 ..\obj\stm32f0xx_rcc.o
 .bss           0x00000000        0x0 ..\obj\stm32f0xx_rcc.o
 .text.RCC_DeInit
                0x00000000       0x88 ..\obj\stm32f0xx_rcc.o
 .text.RCC_HSEConfig
                0x00000000       0x24 ..\obj\stm32f0xx_rcc.o
 .text.RCC_WaitForHSEStartUp
                0x00000000       0x60 ..\obj\stm32f0xx_rcc.o
 .text.RCC_AdjustHSICalibrationValue
                0x00000000       0x3c ..\obj\stm32f0xx_rcc.o
 .text.RCC_HSICmd
                0x00000000       0x38 ..\obj\stm32f0xx_rcc.o
 .text.RCC_AdjustHSI14CalibrationValue
                0x00000000       0x3c ..\obj\stm32f0xx_rcc.o
 .text.RCC_HSI14Cmd
                0x00000000       0x38 ..\obj\stm32f0xx_rcc.o
 .text.RCC_HSI14ADCRequestCmd
                0x00000000       0x38 ..\obj\stm32f0xx_rcc.o
 .text.RCC_LSEConfig
                0x00000000       0x38 ..\obj\stm32f0xx_rcc.o
 .text.RCC_LSEDriveConfig
                0x00000000       0x2c ..\obj\stm32f0xx_rcc.o
 .text.RCC_LSICmd
                0x00000000       0x38 ..\obj\stm32f0xx_rcc.o
 .text.RCC_PLLConfig
                0x00000000       0x34 ..\obj\stm32f0xx_rcc.o
 .text.RCC_PLLCmd
                0x00000000       0x40 ..\obj\stm32f0xx_rcc.o
 .text.RCC_PREDIV1Config
                0x00000000       0x34 ..\obj\stm32f0xx_rcc.o
 .text.RCC_ClockSecuritySystemCmd
                0x00000000       0x40 ..\obj\stm32f0xx_rcc.o
 .text.RCC_MCOConfig
                0x00000000       0x20 ..\obj\stm32f0xx_rcc.o
 .text.RCC_SYSCLKConfig
                0x00000000       0x34 ..\obj\stm32f0xx_rcc.o
 .text.RCC_GetSYSCLKSource
                0x00000000       0x1c ..\obj\stm32f0xx_rcc.o
 .text.RCC_HCLKConfig
                0x00000000       0x34 ..\obj\stm32f0xx_rcc.o
 .text.RCC_PCLKConfig
                0x00000000       0x38 ..\obj\stm32f0xx_rcc.o
 .text.RCC_ADCCLKConfig
                0x00000000       0x50 ..\obj\stm32f0xx_rcc.o
 .text.RCC_CECCLKConfig
                0x00000000       0x2c ..\obj\stm32f0xx_rcc.o
 .text.RCC_I2CCLKConfig
                0x00000000       0x2c ..\obj\stm32f0xx_rcc.o
 .text.RCC_USARTCLKConfig
                0x00000000       0x2c ..\obj\stm32f0xx_rcc.o
 .text.RCC_GetClocksFreq
                0x00000000      0x1cc ..\obj\stm32f0xx_rcc.o
 .text.RCC_RTCCLKConfig
                0x00000000       0x20 ..\obj\stm32f0xx_rcc.o
 .text.RCC_RTCCLKCmd
                0x00000000       0x40 ..\obj\stm32f0xx_rcc.o
 .text.RCC_BackupResetCmd
                0x00000000       0x40 ..\obj\stm32f0xx_rcc.o
 .text.RCC_APB1PeriphClockCmd
                0x00000000       0x3c ..\obj\stm32f0xx_rcc.o
 .text.RCC_AHBPeriphResetCmd
                0x00000000       0x3c ..\obj\stm32f0xx_rcc.o
 .text.RCC_APB2PeriphResetCmd
                0x00000000       0x3c ..\obj\stm32f0xx_rcc.o
 .text.RCC_APB1PeriphResetCmd
                0x00000000       0x3c ..\obj\stm32f0xx_rcc.o
 .text.RCC_ITConfig
                0x00000000       0x50 ..\obj\stm32f0xx_rcc.o
 .text.RCC_GetFlagStatus
                0x00000000       0x94 ..\obj\stm32f0xx_rcc.o
 .text.RCC_ClearFlag
                0x00000000       0x1c ..\obj\stm32f0xx_rcc.o
 .text.RCC_GetITStatus
                0x00000000       0x44 ..\obj\stm32f0xx_rcc.o
 .text.RCC_ClearITPendingBit
                0x00000000       0x20 ..\obj\stm32f0xx_rcc.o
 .text          0x00000000        0x0 ..\obj\SoftTouch.o
 .data          0x00000000        0x0 ..\obj\SoftTouch.o
 .text          0x00000000        0x0 ..\obj\main.o
 .data          0x00000000        0x0 ..\obj\main.o
 .text.Delay    0x00000000       0x28 ..\obj\main.o
 .text          0x00000000       0x14 ..\obj\startup_stm32f0xx.o
 .data          0x00000000        0x0 ..\obj\startup_stm32f0xx.o
 .bss           0x00000000        0x0 ..\obj\startup_stm32f0xx.o
 .text          0x00000000        0x0 ..\obj\system_stm32f0xx_temp.o
 .bss           0x00000000        0x0 ..\obj\system_stm32f0xx_temp.o
 .text.SystemCoreClockUpdate1
                0x00000000       0xd4 ..\obj\system_stm32f0xx_temp.o
 .text          0x00000000        0x0 ..\obj\stm32f0xx_gpio.o
 .data          0x00000000        0x0 ..\obj\stm32f0xx_gpio.o
 .bss           0x00000000        0x0 ..\obj\stm32f0xx_gpio.o
 .text.GPIO_DeInit
                0x00000000       0xc8 ..\obj\stm32f0xx_gpio.o
 .text.GPIO_StructInit
                0x00000000       0x30 ..\obj\stm32f0xx_gpio.o
 .text.GPIO_PinLockConfig
                0x00000000       0x44 ..\obj\stm32f0xx_gpio.o
 .text.GPIO_ReadInputData
                0x00000000       0x18 ..\obj\stm32f0xx_gpio.o
 .text.GPIO_ReadOutputDataBit
                0x00000000       0x48 ..\obj\stm32f0xx_gpio.o
 .text.GPIO_ReadOutputData
                0x00000000       0x18 ..\obj\stm32f0xx_gpio.o
 .text.GPIO_Write
                0x00000000       0x1c ..\obj\stm32f0xx_gpio.o
 .text.GPIO_PinAFConfig
                0x00000000       0xa0 ..\obj\stm32f0xx_gpio.o
 .text          0x00000000        0x0 ..\obj\stm32f0xx_tim.o
 .data          0x00000000        0x0 ..\obj\stm32f0xx_tim.o
 .bss           0x00000000        0x0 ..\obj\stm32f0xx_tim.o
 .text.TIM_DeInit
                0x00000000      0x124 ..\obj\stm32f0xx_tim.o
 .text.TIM_TimeBaseStructInit
                0x00000000       0x30 ..\obj\stm32f0xx_tim.o
 .text.TIM_PrescalerConfig
                0x00000000       0x30 ..\obj\stm32f0xx_tim.o
 .text.TIM_CounterModeConfig
                0x00000000       0x54 ..\obj\stm32f0xx_tim.o
 .text.TIM_SetCounter
                0x00000000       0x18 ..\obj\stm32f0xx_tim.o
 .text.TIM_SetAutoreload
                0x00000000       0x18 ..\obj\stm32f0xx_tim.o
 .text.TIM_GetPrescaler
                0x00000000       0x18 ..\obj\stm32f0xx_tim.o
 .text.TIM_UpdateDisableConfig
                0x00000000       0x40 ..\obj\stm32f0xx_tim.o
 .text.TIM_UpdateRequestConfig
                0x00000000       0x40 ..\obj\stm32f0xx_tim.o
 .text.TIM_ARRPreloadConfig
                0x00000000       0x40 ..\obj\stm32f0xx_tim.o
 .text.TIM_SelectOnePulseMode
                0x00000000       0x38 ..\obj\stm32f0xx_tim.o
 .text.TIM_SetClockDivision
                0x00000000       0x3c ..\obj\stm32f0xx_tim.o
 .text.TIM_BDTRConfig
                0x00000000       0x4c ..\obj\stm32f0xx_tim.o
 .text.TIM_BDTRStructInit
                0x00000000       0x38 ..\obj\stm32f0xx_tim.o
 .text.TIM_CtrlPWMOutputs
                0x00000000       0x4c ..\obj\stm32f0xx_tim.o
 .text.TIM_OC1Init
                0x00000000      0x1a4 ..\obj\stm32f0xx_tim.o
 .text.TIM_OC2Init
                0x00000000      0x1b8 ..\obj\stm32f0xx_tim.o
 .text.TIM_OC3Init
                0x00000000      0x1a8 ..\obj\stm32f0xx_tim.o
 .text.TIM_OC4Init
                0x00000000      0x134 ..\obj\stm32f0xx_tim.o
 .text.TIM_OCStructInit
                0x00000000       0x40 ..\obj\stm32f0xx_tim.o
 .text.TIM_SelectOCxM
                0x00000000       0xcc ..\obj\stm32f0xx_tim.o
 .text.TIM_SetCompare1
                0x00000000       0x18 ..\obj\stm32f0xx_tim.o
 .text.TIM_SetCompare2
                0x00000000       0x18 ..\obj\stm32f0xx_tim.o
 .text.TIM_SetCompare3
                0x00000000       0x18 ..\obj\stm32f0xx_tim.o
 .text.TIM_SetCompare4
                0x00000000       0x18 ..\obj\stm32f0xx_tim.o
 .text.TIM_ForcedOC1Config
                0x00000000       0x54 ..\obj\stm32f0xx_tim.o
 .text.TIM_ForcedOC2Config
                0x00000000       0x5c ..\obj\stm32f0xx_tim.o
 .text.TIM_ForcedOC3Config
                0x00000000       0x54 ..\obj\stm32f0xx_tim.o
 .text.TIM_ForcedOC4Config
                0x00000000       0x5c ..\obj\stm32f0xx_tim.o
 .text.TIM_CCPreloadControl
                0x00000000       0x40 ..\obj\stm32f0xx_tim.o
 .text.TIM_OC1PreloadConfig
                0x00000000       0x54 ..\obj\stm32f0xx_tim.o
 .text.TIM_OC2PreloadConfig
                0x00000000       0x5c ..\obj\stm32f0xx_tim.o
 .text.TIM_OC3PreloadConfig
                0x00000000       0x54 ..\obj\stm32f0xx_tim.o
 .text.TIM_OC4PreloadConfig
                0x00000000       0x5c ..\obj\stm32f0xx_tim.o
 .text.TIM_OC1FastConfig
                0x00000000       0x54 ..\obj\stm32f0xx_tim.o
 .text.TIM_OC2FastConfig
                0x00000000       0x5c ..\obj\stm32f0xx_tim.o
 .text.TIM_OC3FastConfig
                0x00000000       0x54 ..\obj\stm32f0xx_tim.o
 .text.TIM_OC4FastConfig
                0x00000000       0x5c ..\obj\stm32f0xx_tim.o
 .text.TIM_ClearOC1Ref
                0x00000000       0x54 ..\obj\stm32f0xx_tim.o
 .text.TIM_ClearOC2Ref
                0x00000000       0x58 ..\obj\stm32f0xx_tim.o
 .text.TIM_ClearOC3Ref
                0x00000000       0x54 ..\obj\stm32f0xx_tim.o
 .text.TIM_ClearOC4Ref
                0x00000000       0x58 ..\obj\stm32f0xx_tim.o
 .text.TIM_OC1PolarityConfig
                0x00000000       0x54 ..\obj\stm32f0xx_tim.o
 .text.TIM_OC1NPolarityConfig
                0x00000000       0x54 ..\obj\stm32f0xx_tim.o
 .text.TIM_OC2PolarityConfig
                0x00000000       0x58 ..\obj\stm32f0xx_tim.o
 .text.TIM_OC2NPolarityConfig
                0x00000000       0x58 ..\obj\stm32f0xx_tim.o
 .text.TIM_OC3PolarityConfig
                0x00000000       0x5c ..\obj\stm32f0xx_tim.o
 .text.TIM_OC3NPolarityConfig
                0x00000000       0x5c ..\obj\stm32f0xx_tim.o
 .text.TIM_OC4PolarityConfig
                0x00000000       0x5c ..\obj\stm32f0xx_tim.o
 .text.TIM_SelectOCREFClear
                0x00000000       0x38 ..\obj\stm32f0xx_tim.o
 .text.TIM_CCxCmd
                0x00000000       0x68 ..\obj\stm32f0xx_tim.o
 .text.TIM_CCxNCmd
                0x00000000       0x68 ..\obj\stm32f0xx_tim.o
 .text.TIM_SelectCOM
                0x00000000       0x40 ..\obj\stm32f0xx_tim.o
 .text.TIM_ICInit
                0x00000000       0xb0 ..\obj\stm32f0xx_tim.o
 .text.TIM_ICStructInit
                0x00000000       0x2c ..\obj\stm32f0xx_tim.o
 .text.TIM_PWMIConfig
                0x00000000       0xf8 ..\obj\stm32f0xx_tim.o
 .text.TIM_GetCapture1
                0x00000000       0x14 ..\obj\stm32f0xx_tim.o
 .text.TIM_GetCapture2
                0x00000000       0x14 ..\obj\stm32f0xx_tim.o
 .text.TIM_GetCapture3
                0x00000000       0x14 ..\obj\stm32f0xx_tim.o
 .text.TIM_GetCapture4
                0x00000000       0x14 ..\obj\stm32f0xx_tim.o
 .text.TIM_SetIC1Prescaler
                0x00000000       0x38 ..\obj\stm32f0xx_tim.o
 .text.TIM_SetIC2Prescaler
                0x00000000       0x40 ..\obj\stm32f0xx_tim.o
 .text.TIM_SetIC3Prescaler
                0x00000000       0x38 ..\obj\stm32f0xx_tim.o
 .text.TIM_SetIC4Prescaler
                0x00000000       0x40 ..\obj\stm32f0xx_tim.o
 .text.TIM_GenerateEvent
                0x00000000       0x1c ..\obj\stm32f0xx_tim.o
 .text.TIM_GetFlagStatus
                0x00000000       0x48 ..\obj\stm32f0xx_tim.o
 .text.TIM_ClearFlag
                0x00000000       0x20 ..\obj\stm32f0xx_tim.o
 .text.TIM_DMAConfig
                0x00000000       0x30 ..\obj\stm32f0xx_tim.o
 .text.TIM_DMACmd
                0x00000000       0x50 ..\obj\stm32f0xx_tim.o
 .text.TIM_SelectCCDMA
                0x00000000       0x40 ..\obj\stm32f0xx_tim.o
 .text.TIM_InternalClockConfig
                0x00000000       0x20 ..\obj\stm32f0xx_tim.o
 .text.TIM_ITRxExternalClockConfig
                0x00000000       0x34 ..\obj\stm32f0xx_tim.o
 .text.TIM_TIxExternalClockConfig
                0x00000000       0x84 ..\obj\stm32f0xx_tim.o
 .text.TIM_ETRClockMode1Config
                0x00000000       0x9c ..\obj\stm32f0xx_tim.o
 .text.TIM_ETRClockMode2Config
                0x00000000       0x54 ..\obj\stm32f0xx_tim.o
 .text.TIM_SelectInputTrigger
                0x00000000       0x54 ..\obj\stm32f0xx_tim.o
 .text.TIM_SelectOutputTrigger
                0x00000000       0x38 ..\obj\stm32f0xx_tim.o
 .text.TIM_SelectSlaveMode
                0x00000000       0x38 ..\obj\stm32f0xx_tim.o
 .text.TIM_SelectMasterSlaveMode
                0x00000000       0x38 ..\obj\stm32f0xx_tim.o
 .text.TIM_ETRConfig
                0x00000000       0x80 ..\obj\stm32f0xx_tim.o
 .text.TIM_EncoderInterfaceConfig
                0x00000000       0xf8 ..\obj\stm32f0xx_tim.o
 .text.TIM_SelectHallSensor
                0x00000000       0x40 ..\obj\stm32f0xx_tim.o
 .text.TIM_RemapConfig
                0x00000000       0x20 ..\obj\stm32f0xx_tim.o
 .text.TI1_Config
                0x00000000       0xcc ..\obj\stm32f0xx_tim.o
 .text.TI2_Config
                0x00000000       0xf4 ..\obj\stm32f0xx_tim.o
 .text.TI3_Config
                0x00000000       0xec ..\obj\stm32f0xx_tim.o
 .text.TI4_Config
                0x00000000      0x100 ..\obj\stm32f0xx_tim.o
 .text          0x00000000        0x0 ..\obj\stm32f0xx_exti.o
 .data          0x00000000        0x0 ..\obj\stm32f0xx_exti.o
 .bss           0x00000000        0x0 ..\obj\stm32f0xx_exti.o
 .text.EXTI_DeInit
                0x00000000       0x34 ..\obj\stm32f0xx_exti.o
 .text.EXTI_StructInit
                0x00000000       0x28 ..\obj\stm32f0xx_exti.o
 .text.EXTI_GenerateSWInterrupt
                0x00000000       0x20 ..\obj\stm32f0xx_exti.o
 .text.EXTI_GetFlagStatus
                0x00000000       0x40 ..\obj\stm32f0xx_exti.o
 .text.EXTI_ClearFlag
                0x00000000       0x18 ..\obj\stm32f0xx_exti.o
 .text          0x00000000        0x0 ..\obj\stm32f0xx_syscfg.o
 .data          0x00000000        0x0 ..\obj\stm32f0xx_syscfg.o
 .bss           0x00000000        0x0 ..\obj\stm32f0xx_syscfg.o
 .text.SYSCFG_DeInit
                0x00000000       0x40 ..\obj\stm32f0xx_syscfg.o
 .text.SYSCFG_MemoryRemapConfig
                0x00000000       0x34 ..\obj\stm32f0xx_syscfg.o
 .text.SYSCFG_DMAChannelRemapConfig
                0x00000000       0x3c ..\obj\stm32f0xx_syscfg.o
 .text.SYSCFG_I2CFastModePlusConfig
                0x00000000       0x3c ..\obj\stm32f0xx_syscfg.o
 .text.SYSCFG_BreakConfig
                0x00000000       0x20 ..\obj\stm32f0xx_syscfg.o
 .text.SYSCFG_GetFlagStatus
                0x00000000       0x40 ..\obj\stm32f0xx_syscfg.o
 .text.SYSCFG_ClearFlag
                0x00000000       0x20 ..\obj\stm32f0xx_syscfg.o
 .text          0x00000000        0x0 ..\obj\stm32f0xx_misc.o
 .data          0x00000000        0x0 ..\obj\stm32f0xx_misc.o
 .bss           0x00000000        0x0 ..\obj\stm32f0xx_misc.o
 .text.NVIC_SystemLPConfig
                0x00000000       0x44 ..\obj\stm32f0xx_misc.o
 .text.SysTick_CLKSourceConfig
                0x00000000       0x34 ..\obj\stm32f0xx_misc.o
 .data          0x00000000        0x0 c:/program files (x86)/gnu tools arm embedded/4.9 2015q1/bin/../lib/gcc/arm-none-eabi/4.9.3/armv6-m\libgcc.a(_udivsi3.o)
 .bss           0x00000000        0x0 c:/program files (x86)/gnu tools arm embedded/4.9 2015q1/bin/../lib/gcc/arm-none-eabi/4.9.3/armv6-m\libgcc.a(_udivsi3.o)
 .data          0x00000000        0x0 c:/program files (x86)/gnu tools arm embedded/4.9 2015q1/bin/../lib/gcc/arm-none-eabi/4.9.3/armv6-m\libgcc.a(_dvmd_tls.o)
 .bss           0x00000000        0x0 c:/program files (x86)/gnu tools arm embedded/4.9 2015q1/bin/../lib/gcc/arm-none-eabi/4.9.3/armv6-m\libgcc.a(_dvmd_tls.o)

Memory Configuration

Name             Origin             Length             Attributes
rom              0x08000000         0x00010000         xr
ram              0x20000000         0x00002000         xrw
*default*        0x00000000         0xffffffff

Linker script and memory map

                0x20002000                _eram = 0x20002000

.text           0x08000000     0x14b8
 *(.isr_vector)
 .isr_vector    0x08000000       0xc4 ..\obj\startup_stm32f0xx.o
                0x08000000                g_pfnVectors
 *(.text*)
 .text.RCC_AHBPeriphClockCmd
                0x080000c4       0x3c ..\obj\stm32f0xx_rcc.o
                0x080000c4                RCC_AHBPeriphClockCmd
 .text.RCC_APB2PeriphClockCmd
                0x08000100       0x3c ..\obj\stm32f0xx_rcc.o
                0x08000100                RCC_APB2PeriphClockCmd
 .text.EXTI0_1_IRQHandler
                0x0800013c       0x38 ..\obj\SoftTouch.o
                0x0800013c                EXTI0_1_IRQHandler
 .text.EXTI2_3_IRQHandler
                0x08000174       0x38 ..\obj\SoftTouch.o
                0x08000174                EXTI2_3_IRQHandler
 .text.LP2P_Process
                0x080001ac       0x84 ..\obj\SoftTouch.o
                0x080001ac                LP2P_Process
 .text.ST_PinOP
                0x08000230       0x44 ..\obj\SoftTouch.o
                0x08000230                ST_PinOP
 .text.ST_PinIP
                0x08000274       0x34 ..\obj\SoftTouch.o
                0x08000274                ST_PinIP
 .text.ST_Init  0x080002a8       0xd0 ..\obj\SoftTouch.o
                0x080002a8                ST_Init
 .text.ST_Config
                0x08000378      0x138 ..\obj\SoftTouch.o
                0x08000378                ST_Config
 .text.TIM15_IRQHandler
                0x080004b0      0x49c ..\obj\SoftTouch.o
                0x080004b0                TIM15_IRQHandler
 .text.NVIC_SetPriority
                0x0800094c       0xd4 ..\obj\main.o
 .text.SysTick_Config
                0x08000a20       0x4c ..\obj\main.o
 .text.SysTick_Handler
                0x08000a6c       0x18 ..\obj\main.o
                0x08000a6c                SysTick_Handler
 .text.main     0x08000a84       0xd4 ..\obj\main.o
                0x08000a84                main
 .text.Reset_Handler
                0x08000b58       0x4c ..\obj\startup_stm32f0xx.o
                0x08000b58                Reset_Handler
 .text.Default_Handler
                0x08000ba4        0x2 ..\obj\startup_stm32f0xx.o
                0x08000ba4                TIM1_CC_IRQHandler
                0x08000ba4                HardFault_Handler
                0x08000ba4                ADC1_COMP_IRQHandler
                0x08000ba4                PVD_IRQHandler
                0x08000ba4                PendSV_Handler
                0x08000ba4                NMI_Handler
                0x08000ba4                I2C1_IRQHandler
                0x08000ba4                SPI1_IRQHandler
                0x08000ba4                TIM6_DAC_IRQHandler
                0x08000ba4                I2C2_IRQHandler
                0x08000ba4                TIM17_IRQHandler
                0x08000ba4                RTC_IRQHandler
                0x08000ba4                TIM16_IRQHandler
                0x08000ba4                TIM3_IRQHandler
                0x08000ba4                EXTI4_15_IRQHandler
                0x08000ba4                RCC_IRQHandler
                0x08000ba4                DMA1_Channel1_IRQHandler
                0x08000ba4                Default_Handler
                0x08000ba4                CEC_IRQHandler
                0x08000ba4                TIM14_IRQHandler
                0x08000ba4                DMA1_Channel4_5_IRQHandler
                0x08000ba4                SPI2_IRQHandler
                0x08000ba4                SVC_Handler
                0x08000ba4                TS_IRQHandler
                0x08000ba4                WWDG_IRQHandler
                0x08000ba4                TIM2_IRQHandler
                0x08000ba4                DMA1_Channel2_3_IRQHandler
                0x08000ba4                USART2_IRQHandler
                0x08000ba4                FLASH_IRQHandler
                0x08000ba4                USART1_IRQHandler
                0x08000ba4                TIM1_BRK_UP_TRG_COM_IRQHandler
 *fill*         0x08000ba6        0x2 
 .text.SystemInit1
                0x08000ba8       0x8c ..\obj\system_stm32f0xx_temp.o
                0x08000ba8                SystemInit
                0x08000ba8                SystemInit1
 .text.SetSysClock1
                0x08000c34       0xe0 ..\obj\system_stm32f0xx_temp.o
                0x08000c34                SetSysClock
 .text.GPIO_Init
                0x08000d14      0x124 ..\obj\stm32f0xx_gpio.o
                0x08000d14                GPIO_Init
 .text.GPIO_ReadInputDataBit
                0x08000e38       0x48 ..\obj\stm32f0xx_gpio.o
                0x08000e38                GPIO_ReadInputDataBit
 .text.GPIO_SetBits
                0x08000e80       0x1c ..\obj\stm32f0xx_gpio.o
                0x08000e80                GPIO_SetBits
 .text.GPIO_ResetBits
                0x08000e9c       0x1c ..\obj\stm32f0xx_gpio.o
                0x08000e9c                GPIO_ResetBits
 .text.GPIO_WriteBit
                0x08000eb8       0x38 ..\obj\stm32f0xx_gpio.o
                0x08000eb8                GPIO_WriteBit
 .text.TIM_TimeBaseInit
                0x08000ef0       0xf0 ..\obj\stm32f0xx_tim.o
                0x08000ef0                TIM_TimeBaseInit
 .text.TIM_GetCounter
                0x08000fe0       0x14 ..\obj\stm32f0xx_tim.o
                0x08000fe0                TIM_GetCounter
 .text.TIM_Cmd  0x08000ff4       0x40 ..\obj\stm32f0xx_tim.o
                0x08000ff4                TIM_Cmd
 .text.TIM_ITConfig
                0x08001034       0x50 ..\obj\stm32f0xx_tim.o
                0x08001034                TIM_ITConfig
 .text.TIM_GetITStatus
                0x08001084       0x80 ..\obj\stm32f0xx_tim.o
                0x08001084                TIM_GetITStatus
 .text.TIM_ClearITPendingBit
                0x08001104       0x20 ..\obj\stm32f0xx_tim.o
                0x08001104                TIM_ClearITPendingBit
 .text.EXTI_Init
                0x08001124       0xe0 ..\obj\stm32f0xx_exti.o
                0x08001124                EXTI_Init
 .text.EXTI_GetITStatus
                0x08001204       0x40 ..\obj\stm32f0xx_exti.o
                0x08001204                EXTI_GetITStatus
 .text.EXTI_ClearITPendingBit
                0x08001244       0x18 ..\obj\stm32f0xx_exti.o
                0x08001244                EXTI_ClearITPendingBit
 .text.SYSCFG_EXTILineConfig
                0x0800125c       0x90 ..\obj\stm32f0xx_syscfg.o
                0x0800125c                SYSCFG_EXTILineConfig
 .text.NVIC_Init
                0x080012ec       0xa8 ..\obj\stm32f0xx_misc.o
                0x080012ec                NVIC_Init
 .text          0x08001394      0x120 c:/program files (x86)/gnu tools arm embedded/4.9 2015q1/bin/../lib/gcc/arm-none-eabi/4.9.3/armv6-m\libgcc.a(_udivsi3.o)
                0x08001394                __aeabi_uidiv
                0x08001394                __udivsi3
                0x080014a0                __aeabi_uidivmod
 .text          0x080014b4        0x4 c:/program files (x86)/gnu tools arm embedded/4.9 2015q1/bin/../lib/gcc/arm-none-eabi/4.9.3/armv6-m\libgcc.a(_dvmd_tls.o)
                0x080014b4                __aeabi_idiv0
                0x080014b4                __aeabi_ldiv0
 *(.init)
 *(.fini)
 *crtbegin.o(.ctors)
 *crtbegin?.o(.ctors)
 *(EXCLUDE_FILE(*crtend.o *crtend?.o) .ctors)
 *(SORT(.ctors.*))
 *(.ctors)
 *crtbegin.o(.dtors)
 *crtbegin?.o(.dtors)
 *(EXCLUDE_FILE(*crtend.o *crtend?.o) .dtors)
 *(SORT(.dtors.*))
 *(.dtors)
 *(.rodata*)
 *(.eh_fram e*)

.glue_7         0x080014b8        0x0
 .glue_7        0x00000000        0x0 linker stubs

.glue_7t        0x080014b8        0x0
 .glue_7t       0x00000000        0x0 linker stubs

.vfp11_veneer   0x080014b8        0x0
 .vfp11_veneer  0x00000000        0x0 linker stubs

.v4_bx          0x080014b8        0x0
 .v4_bx         0x00000000        0x0 linker stubs

.iplt           0x080014b8        0x0
 .iplt          0x00000000        0x0 ..\obj\stm32f0xx_rcc.o

.rel.dyn        0x080014b8        0x0
 .rel.iplt      0x00000000        0x0 ..\obj\stm32f0xx_rcc.o

.ARM.extab
 *(.ARM.extab* .gnu.linkonce.armextab.*)
                0x080014b8                __exidx_start = .

.ARM.exidx
 *(.ARM.exidx* .gnu.linkonce.armexidx.*)
                0x080014b8                __exidx_end = .
                0x080014b8                __etext = .
                0x080014b8                _sidata = __etext

.data           0x20000000       0x14 load address 0x080014b8
                0x20000000                __data_start__ = .
                0x20000000                _sdata = __data_start__
 *(vtable)
 *(.data*)
 .data          0x20000000       0x14 ..\obj\system_stm32f0xx_temp.o
                0x20000000                SystemCoreClock
                0x20000004                AHBPrescTable
                0x20000014                . = ALIGN (0x4)
                0x20000014                PROVIDE (__preinit_array_start, .)
 *(.preinit_array)
                0x20000014                PROVIDE (__preinit_array_end, .)
                0x20000014                . = ALIGN (0x4)
                0x20000014                PROVIDE (__init_array_start, .)
 *(SORT(.init_array.*))
 *(.init_array)
                0x20000014                PROVIDE (__init_array_end, .)
                0x20000014                . = ALIGN (0x4)
                0x20000014                PROVIDE (__fini_array_start, .)
 *(SORT(.fini_array.*))
 *(.fini_array)
                0x20000014                PROVIDE (__fini_array_end, .)
 *(.jcr*)
                0x20000014                . = ALIGN (0x4)
                0x20000014                __data_end__ = .
                0x20000014                _edata = __data_end__

.igot.plt       0x20000014        0x0 load address 0x080014cc
 .igot.plt      0x00000000        0x0 ..\obj\stm32f0xx_rcc.o

.bss            0x20000014       0x68 load address 0x080014cc
                0x20000014                . = ALIGN (0x4)
                0x20000014                __bss_start__ = .
                0x20000014                _sbss = __bss_start__
 *(.bss*)
 .bss           0x20000014        0xc ..\obj\SoftTouch.o
                0x20000014                tstart
                0x20000018                ncaptures
 .bss           0x20000020        0x4 ..\obj\main.o
                0x20000020                MSec
 *(COMMON)
 COMMON         0x20000024       0x38 ..\obj\SoftTouch.o
                0x20000024                tar
 COMMON         0x2000005c       0x20 ..\obj\main.o
                0x2000005c                N
                0x20000060                T
                0x2000006c                G
                0x20000074                E
                0x2000007c                . = ALIGN (0x4)
                0x2000007c                __bss_end__ = .
                0x2000007c                _ebss = __bss_end__

.heap           0x2000007c        0x0
                0x2000007c                __end__ = .
                0x2000007c                _end = __end__
                0x2000007c                end = __end__
 *(.heap*)
                0x2000007c                __HeapLimit = .

.co_stack       0x2000007c        0x4 load address 0x08001534
                0x20000080                . = ALIGN (0x8)
 *fill*         0x2000007c        0x4 
 *(.co_stack .co_stack.*)
                0x20002000                __StackTop = (ORIGIN (ram) + 0x2000)
                0x20001ffc                __StackLimit = (__StackTop - SIZEOF (.co_stack))
                0x20002000                PROVIDE (__stack, __StackTop)
                0x00000001                ASSERT ((__StackLimit >= __HeapLimit), region ram  overflowed with stack)
LOAD ..\obj\stm32f0xx_rcc.o
LOAD ..\obj\SoftTouch.o
LOAD ..\obj\main.o
LOAD ..\obj\startup_stm32f0xx.o
LOAD ..\obj\system_stm32f0xx_temp.o
LOAD ..\obj\stm32f0xx_gpio.o
LOAD ..\obj\stm32f0xx_tim.o
LOAD ..\obj\stm32f0xx_exti.o
LOAD ..\obj\stm32f0xx_syscfg.o
LOAD ..\obj\stm32f0xx_misc.o
START GROUP
LOAD c:/program files (x86)/gnu tools arm embedded/4.9 2015q1/bin/../lib/gcc/arm-none-eabi/4.9.3/armv6-m\libgcc.a
LOAD c:/program files (x86)/gnu tools arm embedded/4.9 2015q1/bin/../lib/gcc/arm-none-eabi/4.9.3/../../../../arm-none-eabi/lib/armv6-m\libg.a
LOAD c:/program files (x86)/gnu tools arm embedded/4.9 2015q1/bin/../lib/gcc/arm-none-eabi/4.9.3/../../../../arm-none-eabi/lib/armv6-m\libc.a
END GROUP
OUTPUT(STM32F0-SoftTouch.elf elf32-littlearm)

.debug_info     0x00000000     0x4adc
 .debug_info    0x00000000      0x99a ..\obj\stm32f0xx_rcc.o
 .debug_info    0x0000099a      0x9c1 ..\obj\SoftTouch.o
 .debug_info    0x0000135b      0x87f ..\obj\main.o
 .debug_info    0x00001bda       0xbf ..\obj\startup_stm32f0xx.o
 .debug_info    0x00001c99      0x2ef ..\obj\system_stm32f0xx_temp.o
 .debug_info    0x00001f88      0x5cf ..\obj\stm32f0xx_gpio.o
 .debug_info    0x00002557     0x1c67 ..\obj\stm32f0xx_tim.o
 .debug_info    0x000041be      0x30d ..\obj\stm32f0xx_exti.o
 .debug_info    0x000044cb      0x2a7 ..\obj\stm32f0xx_syscfg.o
 .debug_info    0x00004772      0x36a ..\obj\stm32f0xx_misc.o

.debug_abbrev   0x00000000      0xe41
 .debug_abbrev  0x00000000      0x1ec ..\obj\stm32f0xx_rcc.o
 .debug_abbrev  0x000001ec      0x196 ..\obj\SoftTouch.o
 .debug_abbrev  0x00000382      0x20d ..\obj\main.o
 .debug_abbrev  0x0000058f       0x12 ..\obj\startup_stm32f0xx.o
 .debug_abbrev  0x000005a1      0x134 ..\obj\system_stm32f0xx_temp.o
 .debug_abbrev  0x000006d5      0x19b ..\obj\stm32f0xx_gpio.o
 .debug_abbrev  0x00000870      0x1b5 ..\obj\stm32f0xx_tim.o
 .debug_abbrev  0x00000a25      0x192 ..\obj\stm32f0xx_exti.o
 .debug_abbrev  0x00000bb7      0x147 ..\obj\stm32f0xx_syscfg.o
 .debug_abbrev  0x00000cfe      0x143 ..\obj\stm32f0xx_misc.o

.debug_aranges  0x00000000      0x6a0
 .debug_aranges
                0x00000000      0x150 ..\obj\stm32f0xx_rcc.o
 .debug_aranges
                0x00000150       0x58 ..\obj\SoftTouch.o
 .debug_aranges
                0x000001a8       0x40 ..\obj\main.o
 .debug_aranges
                0x000001e8       0x28 ..\obj\startup_stm32f0xx.o
 .debug_aranges
                0x00000210       0x30 ..\obj\system_stm32f0xx_temp.o
 .debug_aranges
                0x00000240       0x80 ..\obj\stm32f0xx_gpio.o
 .debug_aranges
                0x000002c0      0x300 ..\obj\stm32f0xx_tim.o
 .debug_aranges
                0x000005c0       0x58 ..\obj\stm32f0xx_exti.o
 .debug_aranges
                0x00000618       0x58 ..\obj\stm32f0xx_syscfg.o
 .debug_aranges
                0x00000670       0x30 ..\obj\stm32f0xx_misc.o

.debug_ranges   0x00000000      0x608
 .debug_ranges  0x00000000      0x140 ..\obj\stm32f0xx_rcc.o
 .debug_ranges  0x00000140       0x48 ..\obj\SoftTouch.o
 .debug_ranges  0x00000188       0x30 ..\obj\main.o
 .debug_ranges  0x000001b8       0x20 ..\obj\startup_stm32f0xx.o
 .debug_ranges  0x000001d8       0x20 ..\obj\system_stm32f0xx_temp.o
 .debug_ranges  0x000001f8       0x70 ..\obj\stm32f0xx_gpio.o
 .debug_ranges  0x00000268      0x2f0 ..\obj\stm32f0xx_tim.o
 .debug_ranges  0x00000558       0x48 ..\obj\stm32f0xx_exti.o
 .debug_ranges  0x000005a0       0x48 ..\obj\stm32f0xx_syscfg.o
 .debug_ranges  0x000005e8       0x20 ..\obj\stm32f0xx_misc.o

.debug_line     0x00000000     0x2206
 .debug_line    0x00000000      0x525 ..\obj\stm32f0xx_rcc.o
 .debug_line    0x00000525      0x368 ..\obj\SoftTouch.o
 .debug_line    0x0000088d      0x2e1 ..\obj\main.o
 .debug_line    0x00000b6e       0xb4 ..\obj\startup_stm32f0xx.o
 .debug_line    0x00000c22      0x1c9 ..\obj\system_stm32f0xx_temp.o
 .debug_line    0x00000deb      0x2fd ..\obj\stm32f0xx_gpio.o
 .debug_line    0x000010e8      0xa40 ..\obj\stm32f0xx_tim.o
 .debug_line    0x00001b28      0x274 ..\obj\stm32f0xx_exti.o
 .debug_line    0x00001d9c      0x21f ..\obj\stm32f0xx_syscfg.o
 .debug_line    0x00001fbb      0x24b ..\obj\stm32f0xx_misc.o

.debug_str      0x00000000     0x1e83
 .debug_str     0x00000000      0x68b ..\obj\stm32f0xx_rcc.o
                                0x724 (size before relaxing)
 .debug_str     0x0000068b      0x6d3 ..\obj\SoftTouch.o
                                0x85e (size before relaxing)
 .debug_str     0x00000d5e       0xed ..\obj\main.o
                                0x7ac (size before relaxing)
 .debug_str     0x00000e4b       0xa3 ..\obj\system_stm32f0xx_temp.o
                                0x29b (size before relaxing)
 .debug_str     0x00000eee      0x18e ..\obj\stm32f0xx_gpio.o
                                0x48b (size before relaxing)
 .debug_str     0x0000107c      0xab1 ..\obj\stm32f0xx_tim.o
                                0xddd (size before relaxing)
 .debug_str     0x00001b2d      0x101 ..\obj\stm32f0xx_exti.o
                                0x32e (size before relaxing)
 .debug_str     0x00001c2e      0x199 ..\obj\stm32f0xx_syscfg.o
                                0x31a (size before relaxing)
 .debug_str     0x00001dc7       0xbc ..\obj\stm32f0xx_misc.o
                                0x2f5 (size before relaxing)

.comment        0x00000000       0x70
 .comment       0x00000000       0x70 ..\obj\stm32f0xx_rcc.o
                                 0x71 (size before relaxing)
 .comment       0x00000000       0x71 ..\obj\SoftTouch.o
 .comment       0x00000000       0x71 ..\obj\main.o
 .comment       0x00000000       0x71 ..\obj\system_stm32f0xx_temp.o
 .comment       0x00000000       0x71 ..\obj\stm32f0xx_gpio.o
 .comment       0x00000000       0x71 ..\obj\stm32f0xx_tim.o
 .comment       0x00000000       0x71 ..\obj\stm32f0xx_exti.o
 .comment       0x00000000       0x71 ..\obj\stm32f0xx_syscfg.o
 .comment       0x00000000       0x71 ..\obj\stm32f0xx_misc.o

.ARM.attributes
                0x00000000       0x2f
 .ARM.attributes
                0x00000000       0x31 ..\obj\stm32f0xx_rcc.o
 .ARM.attributes
                0x00000031       0x31 ..\obj\SoftTouch.o
 .ARM.attributes
                0x00000062       0x31 ..\obj\main.o
 .ARM.attributes
                0x00000093       0x21 ..\obj\startup_stm32f0xx.o
 .ARM.attributes
                0x000000b4       0x31 ..\obj\system_stm32f0xx_temp.o
 .ARM.attributes
                0x000000e5       0x31 ..\obj\stm32f0xx_gpio.o
 .ARM.attributes
                0x00000116       0x31 ..\obj\stm32f0xx_tim.o
 .ARM.attributes
                0x00000147       0x31 ..\obj\stm32f0xx_exti.o
 .ARM.attributes
                0x00000178       0x31 ..\obj\stm32f0xx_syscfg.o
 .ARM.attributes
                0x000001a9       0x31 ..\obj\stm32f0xx_misc.o
 .ARM.attributes
                0x000001da       0x1e c:/program files (x86)/gnu tools arm embedded/4.9 2015q1/bin/../lib/gcc/arm-none-eabi/4.9.3/armv6-m\libgcc.a(_udivsi3.o)
 .ARM.attributes
                0x000001f8       0x1e c:/program files (x86)/gnu tools arm embedded/4.9 2015q1/bin/../lib/gcc/arm-none-eabi/4.9.3/armv6-m\libgcc.a(_dvmd_tls.o)

.debug_frame    0x00000000     0x1714
 .debug_frame   0x00000000      0x4e4 ..\obj\stm32f0xx_rcc.o
 .debug_frame   0x000004e4      0x108 ..\obj\SoftTouch.o
 .debug_frame   0x000005ec       0xb0 ..\obj\main.o
 .debug_frame   0x0000069c       0x6c ..\obj\system_stm32f0xx_temp.o
 .debug_frame   0x00000708      0x1b0 ..\obj\stm32f0xx_gpio.o
 .debug_frame   0x000008b8      0xbb0 ..\obj\stm32f0xx_tim.o
 .debug_frame   0x00001468      0x10c ..\obj\stm32f0xx_exti.o
 .debug_frame   0x00001574      0x110 ..\obj\stm32f0xx_syscfg.o
 .debug_frame   0x00001684       0x70 ..\obj\stm32f0xx_misc.o
 .debug_frame   0x000016f4       0x20 c:/program files (x86)/gnu tools arm embedded/4.9 2015q1/bin/../lib/gcc/arm-none-eabi/4.9.3/armv6-m\libgcc.a(_udivsi3.o)
